\BOOKMARK [1][-]{section.1}{\376\377\004\037\004\076\004\101\004\102\004\060\004\075\004\076\004\062\004\072\004\060\000\040\004\067\004\060\004\064\004\060\004\107\004\070}{}% 1
\BOOKMARK [1][-]{section.2}{\376\377\004\042\004\065\004\076\004\100\004\065\004\102\004\070\004\107\004\065\004\101\004\072\004\070\004\065\000\040\004\076\004\101\004\075\004\076\004\062\004\113}{}% 2
\BOOKMARK [2][-]{subsection.2.1}{\376\377\004\034\004\076\004\102\004\070\004\062\004\060\004\106\004\070\004\117\000:\000\040\004\076\004\063\004\100\004\060\004\075\004\070\004\107\004\065\004\075\004\070\004\117\000\040\004\063\004\100\004\060\004\064\004\070\004\065\004\075\004\102\004\075\004\076\004\063\004\076\000\040\004\101\004\077\004\103\004\101\004\072\004\060}{section.2}% 3
\BOOKMARK [2][-]{subsection.2.2}{\376\377\004\047\004\070\004\101\004\073\004\076\000\040\004\076\004\061\004\103\004\101\004\073\004\076\004\062\004\073\004\065\004\075\004\075\004\076\004\101\004\102\004\070\000\040\004\070\000\040\004\065\004\063\004\076\000\040\004\062\004\073\004\070\004\117\004\075\004\070\004\065}{section.2}% 4
\BOOKMARK [2][-]{subsection.2.3}{\376\377\004\033\004\070\004\075\004\065\004\071\004\075\004\113\004\071\000\040\004\077\004\076\004\070\004\101\004\072\000\040\004\070\000\040\004\103\004\101\004\073\004\076\004\062\004\070\004\117\000\040\004\022\004\076\004\073\004\114\004\104\004\065}{section.2}% 5
\BOOKMARK [1][-]{section.3}{\376\377\004\036\004\077\004\070\004\101\004\060\004\075\004\070\004\065\000\040\004\074\004\065\004\102\004\076\004\064\004\076\004\062}{}% 6
\BOOKMARK [2][-]{subsection.3.1}{\376\377\004\034\004\065\004\102\004\076\004\064\000\040\004\101\004\076\004\077\004\100\004\117\004\066\004\121\004\075\004\075\004\113\004\105\000\040\004\063\004\100\004\060\004\064\004\070\004\065\004\075\004\102\004\076\004\062\000\040\000\050\004\072\004\062\004\060\004\064\004\100\004\060\004\102\004\070\004\107\004\075\004\113\004\071\000\040\000C\000G\000\051}{section.3}% 7
\BOOKMARK [2][-]{subsection.3.2}{\376\377\004\035\004\065\004\073\004\070\004\075\004\065\004\071\004\075\004\113\004\065\000\040\004\074\004\065\004\102\004\076\004\064\004\113\000\040\000C\000G\000\040\000\050\004\044\004\073\004\065\004\102\004\107\004\065\004\100\040\023\004\040\004\070\004\062\004\067\000,\000\040\004\037\004\076\004\073\004\060\004\072\040\023\004\040\004\070\004\061\004\114\004\065\004\100\000\051}{section.3}% 8
\BOOKMARK [2][-]{subsection.3.3}{\376\377\004\034\004\065\004\102\004\076\004\064\000\040\004\035\004\114\004\116\004\102\004\076\004\075\004\060\000\040\004\101\000\040\004\100\004\060\004\067\004\073\004\076\004\066\004\065\004\075\004\070\004\065\004\074\000\040\004\045\004\076\004\073\004\065\004\106\004\072\004\076\004\063\004\076}{section.3}% 9
\BOOKMARK [2][-]{subsection.3.4}{\376\377\004\034\004\065\004\102\004\076\004\064\000\040\004\035\004\114\004\116\004\102\004\076\004\075\004\060\000\040\004\101\000\040\004\062\004\113\004\061\004\076\004\100\004\076\004\074\000\040\004\075\004\060\004\077\004\100\004\060\004\062\004\073\004\065\004\075\004\070\004\117}{section.3}% 10
\BOOKMARK [2][-]{subsection.3.5}{\376\377\004\034\004\065\004\102\004\076\004\064\000\040\004\076\004\061\004\073\004\060\004\101\004\102\004\070\000\040\004\064\004\076\004\062\004\065\004\100\004\070\004\117\000\040\000\050\000P\000o\000w\000e\000l\000l\000'\000s\000\040\000D\000o\000g\000\040\000L\000e\000g\000\051}{section.3}% 11
\BOOKMARK [2][-]{subsection.3.6}{\376\377\004\032\004\062\004\060\004\067\004\070\004\075\004\114\004\116\004\102\004\076\004\075\004\076\004\062\004\101\004\072\004\070\004\065\000\040\004\074\004\065\004\102\004\076\004\064\004\113\000:\000\040\000D\000F\000P\000\040\004\070\000\040\000B\000F\000G\000S}{section.3}% 12
\BOOKMARK [2][-]{subsection.3.7}{\376\377\000L\000-\000B\000F\000G\000S\000\040\000\050\004\076\004\063\004\100\004\060\004\075\004\070\004\107\004\065\004\075\004\075\004\060\004\117\000\040\004\077\004\060\004\074\004\117\004\102\004\114\000\051}{section.3}% 13
\BOOKMARK [1][-]{section.4}{\376\377\004\040\004\065\004\067\004\103\004\073\004\114\004\102\004\060\004\102\004\113}{}% 14
\BOOKMARK [2][-]{subsection.4.1}{\376\377\004\032\004\062\004\060\004\064\004\100\004\060\004\102\004\070\004\107\004\075\004\113\004\065\000\040\004\104\004\103\004\075\004\072\004\106\004\070\004\070\000:\000\040\004\067\004\060\004\062\004\070\004\101\004\070\004\074\004\076\004\101\004\102\004\114\000\040\004\076\004\102\000\040\004\100\004\060\004\067\004\074\004\065\004\100\004\075\004\076\004\101\004\102\004\070\000\040\004\070\000\040\004\076\004\061\004\103\004\101\004\073\004\076\004\062\004\073\004\065\004\075\004\075\004\076\004\101\004\102\004\070}{section.4}% 15
\BOOKMARK [2][-]{subsection.4.2}{\376\377\004\042\004\100\004\060\004\065\004\072\004\102\004\076\004\100\004\070\004\070\000\040\004\075\004\060\000\040\0002\000D\000\040\004\072\004\062\004\060\004\064\004\100\004\060\004\102\004\070\004\107\004\075\004\076\004\071\000\040\004\104\004\103\004\075\004\072\004\106\004\070\004\070}{section.4}% 16
\BOOKMARK [2][-]{subsection.4.3}{\376\377\004\042\004\065\004\101\004\102\004\076\004\062\004\113\004\065\000\040\004\104\004\103\004\075\004\072\004\106\004\070\004\070}{section.4}% 17
\BOOKMARK [3][-]{subsubsection.4.3.1}{\376\377\004\044\004\103\004\075\004\072\004\106\004\070\004\117\000\040\004\040\004\076\004\067\004\065\004\075\004\061\004\100\004\076\004\072\004\060}{subsection.4.3}% 18
\BOOKMARK [3][-]{subsubsection.4.3.2}{\376\377\004\044\004\103\004\075\004\072\004\106\004\070\004\117\000\040\004\045\004\070\004\074\004\074\004\065\004\073\004\114\004\061\004\073\004\060\004\103}{subsection.4.3}% 19
\BOOKMARK [2][-]{subsection.4.4}{\376\377\004\022\004\073\004\070\004\117\004\075\004\070\004\065\000\040\004\100\004\060\004\067\004\074\004\065\004\100\004\060\000\040\004\077\004\060\004\074\004\117\004\102\004\070\000\040\000L\000-\000B\000F\000G\000S}{section.4}% 20
\BOOKMARK [1][-]{section.5}{\376\377\004\041\004\100\004\060\004\062\004\075\004\065\004\075\004\070\004\065\000\040\004\074\004\065\004\102\004\076\004\064\004\076\004\062}{}% 21
\BOOKMARK [1][-]{section.6}{\376\377\004\022\004\113\004\062\004\076\004\064\004\113}{}% 22
